                                      1 ;--------------------------------------------------------
                                      2 ; File Created by SDCC : free open source ISO C Compiler 
                                      3 ; Version 4.3.2 #14228 (MINGW64)
                                      4 ;--------------------------------------------------------
                                      5 	.module main
                                      6 	.optsdcc -msm83
                                      7 	
                                      8 ;--------------------------------------------------------
                                      9 ; Public variables in this module
                                     10 ;--------------------------------------------------------
                                     11 	.globl _main
                                     12 	.globl _getPlayerInput
                                     13 	.globl _performantDelay
                                     14 	.globl _set_sprite_data
                                     15 	.globl _set_bkg_tiles
                                     16 	.globl _set_bkg_data
                                     17 	.globl _wait_vbl_done
                                     18 	.globl _joypad
                                     19 	.globl _loopRunning
                                     20 	.globl _input
                                     21 	.globl _playerLocation
                                     22 	.globl _HubMap
                                     23 	.globl _SpriteSheet
                                     24 	.globl _BGSheet
                                     25 ;--------------------------------------------------------
                                     26 ; special function registers
                                     27 ;--------------------------------------------------------
                                     28 ;--------------------------------------------------------
                                     29 ; ram data
                                     30 ;--------------------------------------------------------
                                     31 	.area _DATA
      000000                         32 _playerLocation::
      000000                         33 	.ds 2
      000002                         34 _input::
      000002                         35 	.ds 1
                                     36 ;--------------------------------------------------------
                                     37 ; ram data
                                     38 ;--------------------------------------------------------
                                     39 	.area _INITIALIZED
      000000                         40 _loopRunning::
      000000                         41 	.ds 1
                                     42 ;--------------------------------------------------------
                                     43 ; absolute external ram data
                                     44 ;--------------------------------------------------------
                                     45 	.area _DABS (ABS)
                                     46 ;--------------------------------------------------------
                                     47 ; global & static initialisations
                                     48 ;--------------------------------------------------------
                                     49 	.area _HOME
                                     50 	.area _GSINIT
                                     51 	.area _GSFINAL
                                     52 	.area _GSINIT
                                     53 ;--------------------------------------------------------
                                     54 ; Home
                                     55 ;--------------------------------------------------------
                                     56 	.area _HOME
                                     57 	.area _HOME
                                     58 ;--------------------------------------------------------
                                     59 ; code
                                     60 ;--------------------------------------------------------
                                     61 	.area _CODE
                                     62 ;main.c:13: void performantDelay(uint8_t delay){
                                     63 ;	---------------------------------
                                     64 ; Function performantDelay
                                     65 ; ---------------------------------
      000000                         66 _performantDelay::
      000000 4F               [ 4]   67 	ld	c, a
                                     68 ;main.c:15: for(i = 0; i < delay; i++){
      000001 06 00            [ 8]   69 	ld	b, #0x00
      000003                         70 00103$:
      000003 78               [ 4]   71 	ld	a, b
      000004 91               [ 4]   72 	sub	a, c
      000005 D0               [20]   73 	ret	NC
                                     74 ;main.c:16: wait_vbl_done();
      000006 CDr00r00         [24]   75 	call	_wait_vbl_done
                                     76 ;main.c:15: for(i = 0; i < delay; i++){
      000009 04               [ 4]   77 	inc	b
                                     78 ;main.c:18: }
      00000A 18 F7            [12]   79 	jr	00103$
      00000C                         80 _BGSheet:
      00000C 00                      81 	.db #0x00	; 0
      00000D 00                      82 	.db #0x00	; 0
      00000E 00                      83 	.db #0x00	; 0
      00000F 00                      84 	.db #0x00	; 0
      000010 00                      85 	.db #0x00	; 0
      000011 00                      86 	.db #0x00	; 0
      000012 00                      87 	.db #0x00	; 0
      000013 00                      88 	.db #0x00	; 0
      000014 00                      89 	.db #0x00	; 0
      000015 00                      90 	.db #0x00	; 0
      000016 00                      91 	.db #0x00	; 0
      000017 00                      92 	.db #0x00	; 0
      000018 00                      93 	.db #0x00	; 0
      000019 00                      94 	.db #0x00	; 0
      00001A 00                      95 	.db #0x00	; 0
      00001B 00                      96 	.db #0x00	; 0
      00001C 00                      97 	.db #0x00	; 0
      00001D 00                      98 	.db #0x00	; 0
      00001E 00                      99 	.db #0x00	; 0
      00001F 00                     100 	.db #0x00	; 0
      000020 00                     101 	.db #0x00	; 0
      000021 00                     102 	.db #0x00	; 0
      000022 00                     103 	.db #0x00	; 0
      000023 00                     104 	.db #0x00	; 0
      000024 00                     105 	.db #0x00	; 0
      000025 00                     106 	.db #0x00	; 0
      000026 07                     107 	.db #0x07	; 7
      000027 00                     108 	.db #0x00	; 0
      000028 04                     109 	.db #0x04	; 4
      000029 03                     110 	.db #0x03	; 3
      00002A 05                     111 	.db #0x05	; 5
      00002B 03                     112 	.db #0x03	; 3
      00002C 00                     113 	.db #0x00	; 0
      00002D 00                     114 	.db #0x00	; 0
      00002E 00                     115 	.db #0x00	; 0
      00002F 00                     116 	.db #0x00	; 0
      000030 00                     117 	.db #0x00	; 0
      000031 00                     118 	.db #0x00	; 0
      000032 00                     119 	.db #0x00	; 0
      000033 00                     120 	.db #0x00	; 0
      000034 00                     121 	.db #0x00	; 0
      000035 00                     122 	.db #0x00	; 0
      000036 FF                     123 	.db #0xff	; 255
      000037 00                     124 	.db #0x00	; 0
      000038 00                     125 	.db #0x00	; 0
      000039 FF                     126 	.db #0xff	; 255
      00003A FF                     127 	.db #0xff	; 255
      00003B FF                     128 	.db #0xff	; 255
      00003C 00                     129 	.db #0x00	; 0
      00003D 00                     130 	.db #0x00	; 0
      00003E 00                     131 	.db #0x00	; 0
      00003F 00                     132 	.db #0x00	; 0
      000040 00                     133 	.db #0x00	; 0
      000041 00                     134 	.db #0x00	; 0
      000042 00                     135 	.db #0x00	; 0
      000043 00                     136 	.db #0x00	; 0
      000044 00                     137 	.db #0x00	; 0
      000045 00                     138 	.db #0x00	; 0
      000046 E0                     139 	.db #0xe0	; 224
      000047 00                     140 	.db #0x00	; 0
      000048 20                     141 	.db #0x20	; 32
      000049 C0                     142 	.db #0xc0	; 192
      00004A A0                     143 	.db #0xa0	; 160
      00004B C0                     144 	.db #0xc0	; 192
      00004C 05                     145 	.db #0x05	; 5
      00004D 03                     146 	.db #0x03	; 3
      00004E 05                     147 	.db #0x05	; 5
      00004F 03                     148 	.db #0x03	; 3
      000050 05                     149 	.db #0x05	; 5
      000051 03                     150 	.db #0x03	; 3
      000052 05                     151 	.db #0x05	; 5
      000053 03                     152 	.db #0x03	; 3
      000054 05                     153 	.db #0x05	; 5
      000055 03                     154 	.db #0x03	; 3
      000056 05                     155 	.db #0x05	; 5
      000057 03                     156 	.db #0x03	; 3
      000058 05                     157 	.db #0x05	; 5
      000059 03                     158 	.db #0x03	; 3
      00005A 05                     159 	.db #0x05	; 5
      00005B 03                     160 	.db #0x03	; 3
      00005C A0                     161 	.db #0xa0	; 160
      00005D C0                     162 	.db #0xc0	; 192
      00005E A0                     163 	.db #0xa0	; 160
      00005F C0                     164 	.db #0xc0	; 192
      000060 A0                     165 	.db #0xa0	; 160
      000061 C0                     166 	.db #0xc0	; 192
      000062 A0                     167 	.db #0xa0	; 160
      000063 C0                     168 	.db #0xc0	; 192
      000064 A0                     169 	.db #0xa0	; 160
      000065 C0                     170 	.db #0xc0	; 192
      000066 A0                     171 	.db #0xa0	; 160
      000067 C0                     172 	.db #0xc0	; 192
      000068 A0                     173 	.db #0xa0	; 160
      000069 C0                     174 	.db #0xc0	; 192
      00006A A0                     175 	.db #0xa0	; 160
      00006B C0                     176 	.db #0xc0	; 192
      00006C 05                     177 	.db #0x05	; 5
      00006D 03                     178 	.db #0x03	; 3
      00006E 04                     179 	.db #0x04	; 4
      00006F 03                     180 	.db #0x03	; 3
      000070 07                     181 	.db #0x07	; 7
      000071 00                     182 	.db #0x00	; 0
      000072 00                     183 	.db #0x00	; 0
      000073 00                     184 	.db #0x00	; 0
      000074 00                     185 	.db #0x00	; 0
      000075 00                     186 	.db #0x00	; 0
      000076 00                     187 	.db #0x00	; 0
      000077 00                     188 	.db #0x00	; 0
      000078 00                     189 	.db #0x00	; 0
      000079 00                     190 	.db #0x00	; 0
      00007A 00                     191 	.db #0x00	; 0
      00007B 00                     192 	.db #0x00	; 0
      00007C FF                     193 	.db #0xff	; 255
      00007D FF                     194 	.db #0xff	; 255
      00007E 00                     195 	.db #0x00	; 0
      00007F FF                     196 	.db #0xff	; 255
      000080 FF                     197 	.db #0xff	; 255
      000081 00                     198 	.db #0x00	; 0
      000082 00                     199 	.db #0x00	; 0
      000083 00                     200 	.db #0x00	; 0
      000084 00                     201 	.db #0x00	; 0
      000085 00                     202 	.db #0x00	; 0
      000086 00                     203 	.db #0x00	; 0
      000087 00                     204 	.db #0x00	; 0
      000088 00                     205 	.db #0x00	; 0
      000089 00                     206 	.db #0x00	; 0
      00008A 00                     207 	.db #0x00	; 0
      00008B 00                     208 	.db #0x00	; 0
      00008C A0                     209 	.db #0xa0	; 160
      00008D C0                     210 	.db #0xc0	; 192
      00008E 20                     211 	.db #0x20	; 32
      00008F C0                     212 	.db #0xc0	; 192
      000090 E0                     213 	.db #0xe0	; 224
      000091 00                     214 	.db #0x00	; 0
      000092 00                     215 	.db #0x00	; 0
      000093 00                     216 	.db #0x00	; 0
      000094 00                     217 	.db #0x00	; 0
      000095 00                     218 	.db #0x00	; 0
      000096 00                     219 	.db #0x00	; 0
      000097 00                     220 	.db #0x00	; 0
      000098 00                     221 	.db #0x00	; 0
      000099 00                     222 	.db #0x00	; 0
      00009A 00                     223 	.db #0x00	; 0
      00009B 00                     224 	.db #0x00	; 0
      00009C 00                     225 	.db #0x00	; 0
      00009D FF                     226 	.db #0xff	; 255
      00009E 00                     227 	.db #0x00	; 0
      00009F 81                     228 	.db #0x81	; 129
      0000A0 3C                     229 	.db #0x3c	; 60
      0000A1 81                     230 	.db #0x81	; 129
      0000A2 24                     231 	.db #0x24	; 36
      0000A3 81                     232 	.db #0x81	; 129
      0000A4 24                     233 	.db #0x24	; 36
      0000A5 81                     234 	.db #0x81	; 129
      0000A6 3C                     235 	.db #0x3c	; 60
      0000A7 81                     236 	.db #0x81	; 129
      0000A8 00                     237 	.db #0x00	; 0
      0000A9 81                     238 	.db #0x81	; 129
      0000AA 00                     239 	.db #0x00	; 0
      0000AB FF                     240 	.db #0xff	; 255
      0000AC 00                     241 	.db #0x00	; 0
      0000AD FF                     242 	.db #0xff	; 255
      0000AE 00                     243 	.db #0x00	; 0
      0000AF 81                     244 	.db #0x81	; 129
      0000B0 18                     245 	.db #0x18	; 24
      0000B1 81                     246 	.db #0x81	; 129
      0000B2 24                     247 	.db #0x24	; 36
      0000B3 81                     248 	.db #0x81	; 129
      0000B4 00                     249 	.db #0x00	; 0
      0000B5 81                     250 	.db #0x81	; 129
      0000B6 00                     251 	.db #0x00	; 0
      0000B7 81                     252 	.db #0x81	; 129
      0000B8 00                     253 	.db #0x00	; 0
      0000B9 81                     254 	.db #0x81	; 129
      0000BA 00                     255 	.db #0x00	; 0
      0000BB FF                     256 	.db #0xff	; 255
      0000BC 00                     257 	.db #0x00	; 0
      0000BD FF                     258 	.db #0xff	; 255
      0000BE 00                     259 	.db #0x00	; 0
      0000BF 81                     260 	.db #0x81	; 129
      0000C0 00                     261 	.db #0x00	; 0
      0000C1 81                     262 	.db #0x81	; 129
      0000C2 00                     263 	.db #0x00	; 0
      0000C3 81                     264 	.db #0x81	; 129
      0000C4 24                     265 	.db #0x24	; 36
      0000C5 81                     266 	.db #0x81	; 129
      0000C6 18                     267 	.db #0x18	; 24
      0000C7 81                     268 	.db #0x81	; 129
      0000C8 00                     269 	.db #0x00	; 0
      0000C9 81                     270 	.db #0x81	; 129
      0000CA 00                     271 	.db #0x00	; 0
      0000CB FF                     272 	.db #0xff	; 255
      0000CC 00                     273 	.db #0x00	; 0
      0000CD 00                     274 	.db #0x00	; 0
      0000CE 1C                     275 	.db #0x1c	; 28
      0000CF 1C                     276 	.db #0x1c	; 28
      0000D0 24                     277 	.db #0x24	; 36
      0000D1 3C                     278 	.db #0x3c	; 60
      0000D2 34                     279 	.db #0x34	; 52	'4'
      0000D3 2C                     280 	.db #0x2c	; 44
      0000D4 34                     281 	.db #0x34	; 52	'4'
      0000D5 2C                     282 	.db #0x2c	; 44
      0000D6 34                     283 	.db #0x34	; 52	'4'
      0000D7 2C                     284 	.db #0x2c	; 44
      0000D8 3C                     285 	.db #0x3c	; 60
      0000D9 3C                     286 	.db #0x3c	; 60
      0000DA 00                     287 	.db #0x00	; 0
      0000DB 00                     288 	.db #0x00	; 0
      0000DC                        289 _SpriteSheet:
      0000DC 00                     290 	.db #0x00	; 0
      0000DD 00                     291 	.db #0x00	; 0
      0000DE 10                     292 	.db #0x10	; 16
      0000DF 10                     293 	.db #0x10	; 16
      0000E0 20                     294 	.db #0x20	; 32
      0000E1 20                     295 	.db #0x20	; 32
      0000E2 40                     296 	.db #0x40	; 64
      0000E3 40                     297 	.db #0x40	; 64
      0000E4 40                     298 	.db #0x40	; 64
      0000E5 40                     299 	.db #0x40	; 64
      0000E6 20                     300 	.db #0x20	; 32
      0000E7 20                     301 	.db #0x20	; 32
      0000E8 10                     302 	.db #0x10	; 16
      0000E9 10                     303 	.db #0x10	; 16
      0000EA 00                     304 	.db #0x00	; 0
      0000EB 00                     305 	.db #0x00	; 0
      0000EC 00                     306 	.db #0x00	; 0
      0000ED 00                     307 	.db #0x00	; 0
      0000EE 18                     308 	.db #0x18	; 24
      0000EF 18                     309 	.db #0x18	; 24
      0000F0 24                     310 	.db #0x24	; 36
      0000F1 24                     311 	.db #0x24	; 36
      0000F2 42                     312 	.db #0x42	; 66	'B'
      0000F3 42                     313 	.db #0x42	; 66	'B'
      0000F4 00                     314 	.db #0x00	; 0
      0000F5 00                     315 	.db #0x00	; 0
      0000F6 00                     316 	.db #0x00	; 0
      0000F7 00                     317 	.db #0x00	; 0
      0000F8 00                     318 	.db #0x00	; 0
      0000F9 00                     319 	.db #0x00	; 0
      0000FA 00                     320 	.db #0x00	; 0
      0000FB 00                     321 	.db #0x00	; 0
      0000FC 00                     322 	.db #0x00	; 0
      0000FD 00                     323 	.db #0x00	; 0
      0000FE 08                     324 	.db #0x08	; 8
      0000FF 08                     325 	.db #0x08	; 8
      000100 04                     326 	.db #0x04	; 4
      000101 04                     327 	.db #0x04	; 4
      000102 02                     328 	.db #0x02	; 2
      000103 02                     329 	.db #0x02	; 2
      000104 02                     330 	.db #0x02	; 2
      000105 02                     331 	.db #0x02	; 2
      000106 04                     332 	.db #0x04	; 4
      000107 04                     333 	.db #0x04	; 4
      000108 08                     334 	.db #0x08	; 8
      000109 08                     335 	.db #0x08	; 8
      00010A 00                     336 	.db #0x00	; 0
      00010B 00                     337 	.db #0x00	; 0
      00010C 00                     338 	.db #0x00	; 0
      00010D 00                     339 	.db #0x00	; 0
      00010E 00                     340 	.db #0x00	; 0
      00010F 00                     341 	.db #0x00	; 0
      000110 00                     342 	.db #0x00	; 0
      000111 00                     343 	.db #0x00	; 0
      000112 00                     344 	.db #0x00	; 0
      000113 00                     345 	.db #0x00	; 0
      000114 42                     346 	.db #0x42	; 66	'B'
      000115 42                     347 	.db #0x42	; 66	'B'
      000116 24                     348 	.db #0x24	; 36
      000117 24                     349 	.db #0x24	; 36
      000118 18                     350 	.db #0x18	; 24
      000119 18                     351 	.db #0x18	; 24
      00011A 00                     352 	.db #0x00	; 0
      00011B 00                     353 	.db #0x00	; 0
      00011C                        354 _HubMap:
      00011C 01                     355 	.db #0x01	; 1
      00011D 02                     356 	.db #0x02	; 2
      00011E 02                     357 	.db #0x02	; 2
      00011F 02                     358 	.db #0x02	; 2
      000120 02                     359 	.db #0x02	; 2
      000121 02                     360 	.db #0x02	; 2
      000122 02                     361 	.db #0x02	; 2
      000123 02                     362 	.db #0x02	; 2
      000124 02                     363 	.db #0x02	; 2
      000125 02                     364 	.db #0x02	; 2
      000126 02                     365 	.db #0x02	; 2
      000127 02                     366 	.db #0x02	; 2
      000128 02                     367 	.db #0x02	; 2
      000129 02                     368 	.db #0x02	; 2
      00012A 02                     369 	.db #0x02	; 2
      00012B 02                     370 	.db #0x02	; 2
      00012C 02                     371 	.db #0x02	; 2
      00012D 02                     372 	.db #0x02	; 2
      00012E 02                     373 	.db #0x02	; 2
      00012F 03                     374 	.db #0x03	; 3
      000130 04                     375 	.db #0x04	; 4
      000131 00                     376 	.db #0x00	; 0
      000132 00                     377 	.db #0x00	; 0
      000133 00                     378 	.db #0x00	; 0
      000134 00                     379 	.db #0x00	; 0
      000135 00                     380 	.db #0x00	; 0
      000136 00                     381 	.db #0x00	; 0
      000137 00                     382 	.db #0x00	; 0
      000138 00                     383 	.db #0x00	; 0
      000139 00                     384 	.db #0x00	; 0
      00013A 00                     385 	.db #0x00	; 0
      00013B 00                     386 	.db #0x00	; 0
      00013C 00                     387 	.db #0x00	; 0
      00013D 00                     388 	.db #0x00	; 0
      00013E 00                     389 	.db #0x00	; 0
      00013F 00                     390 	.db #0x00	; 0
      000140 00                     391 	.db #0x00	; 0
      000141 00                     392 	.db #0x00	; 0
      000142 00                     393 	.db #0x00	; 0
      000143 05                     394 	.db #0x05	; 5
      000144 04                     395 	.db #0x04	; 4
      000145 01                     396 	.db #0x01	; 1
      000146 02                     397 	.db #0x02	; 2
      000147 02                     398 	.db #0x02	; 2
      000148 02                     399 	.db #0x02	; 2
      000149 03                     400 	.db #0x03	; 3
      00014A 00                     401 	.db #0x00	; 0
      00014B 00                     402 	.db #0x00	; 0
      00014C 00                     403 	.db #0x00	; 0
      00014D 00                     404 	.db #0x00	; 0
      00014E 00                     405 	.db #0x00	; 0
      00014F 00                     406 	.db #0x00	; 0
      000150 00                     407 	.db #0x00	; 0
      000151 00                     408 	.db #0x00	; 0
      000152 01                     409 	.db #0x01	; 1
      000153 02                     410 	.db #0x02	; 2
      000154 02                     411 	.db #0x02	; 2
      000155 02                     412 	.db #0x02	; 2
      000156 03                     413 	.db #0x03	; 3
      000157 05                     414 	.db #0x05	; 5
      000158 04                     415 	.db #0x04	; 4
      000159 04                     416 	.db #0x04	; 4
      00015A 00                     417 	.db #0x00	; 0
      00015B 00                     418 	.db #0x00	; 0
      00015C 00                     419 	.db #0x00	; 0
      00015D 0B                     420 	.db #0x0b	; 11
      00015E 02                     421 	.db #0x02	; 2
      00015F 02                     422 	.db #0x02	; 2
      000160 02                     423 	.db #0x02	; 2
      000161 02                     424 	.db #0x02	; 2
      000162 02                     425 	.db #0x02	; 2
      000163 02                     426 	.db #0x02	; 2
      000164 02                     427 	.db #0x02	; 2
      000165 02                     428 	.db #0x02	; 2
      000166 0C                     429 	.db #0x0c	; 12
      000167 00                     430 	.db #0x00	; 0
      000168 00                     431 	.db #0x00	; 0
      000169 00                     432 	.db #0x00	; 0
      00016A 05                     433 	.db #0x05	; 5
      00016B 05                     434 	.db #0x05	; 5
      00016C 04                     435 	.db #0x04	; 4
      00016D 04                     436 	.db #0x04	; 4
      00016E 00                     437 	.db #0x00	; 0
      00016F 0D                     438 	.db #0x0d	; 13
      000170 00                     439 	.db #0x00	; 0
      000171 00                     440 	.db #0x00	; 0
      000172 00                     441 	.db #0x00	; 0
      000173 00                     442 	.db #0x00	; 0
      000174 00                     443 	.db #0x00	; 0
      000175 00                     444 	.db #0x00	; 0
      000176 00                     445 	.db #0x00	; 0
      000177 00                     446 	.db #0x00	; 0
      000178 00                     447 	.db #0x00	; 0
      000179 00                     448 	.db #0x00	; 0
      00017A 00                     449 	.db #0x00	; 0
      00017B 00                     450 	.db #0x00	; 0
      00017C 0D                     451 	.db #0x0d	; 13
      00017D 00                     452 	.db #0x00	; 0
      00017E 05                     453 	.db #0x05	; 5
      00017F 05                     454 	.db #0x05	; 5
      000180 04                     455 	.db #0x04	; 4
      000181 04                     456 	.db #0x04	; 4
      000182 00                     457 	.db #0x00	; 0
      000183 00                     458 	.db #0x00	; 0
      000184 00                     459 	.db #0x00	; 0
      000185 09                     460 	.db #0x09	; 9
      000186 07                     461 	.db #0x07	; 7
      000187 07                     462 	.db #0x07	; 7
      000188 07                     463 	.db #0x07	; 7
      000189 0A                     464 	.db #0x0a	; 10
      00018A 00                     465 	.db #0x00	; 0
      00018B 09                     466 	.db #0x09	; 9
      00018C 07                     467 	.db #0x07	; 7
      00018D 07                     468 	.db #0x07	; 7
      00018E 0A                     469 	.db #0x0a	; 10
      00018F 00                     470 	.db #0x00	; 0
      000190 00                     471 	.db #0x00	; 0
      000191 00                     472 	.db #0x00	; 0
      000192 05                     473 	.db #0x05	; 5
      000193 05                     474 	.db #0x05	; 5
      000194 04                     475 	.db #0x04	; 4
      000195 06                     476 	.db #0x06	; 6
      000196 07                     477 	.db #0x07	; 7
      000197 07                     478 	.db #0x07	; 7
      000198 07                     479 	.db #0x07	; 7
      000199 08                     480 	.db #0x08	; 8
      00019A 00                     481 	.db #0x00	; 0
      00019B 00                     482 	.db #0x00	; 0
      00019C 00                     483 	.db #0x00	; 0
      00019D 04                     484 	.db #0x04	; 4
      00019E 00                     485 	.db #0x00	; 0
      00019F 05                     486 	.db #0x05	; 5
      0001A0 00                     487 	.db #0x00	; 0
      0001A1 00                     488 	.db #0x00	; 0
      0001A2 06                     489 	.db #0x06	; 6
      0001A3 07                     490 	.db #0x07	; 7
      0001A4 07                     491 	.db #0x07	; 7
      0001A5 07                     492 	.db #0x07	; 7
      0001A6 08                     493 	.db #0x08	; 8
      0001A7 05                     494 	.db #0x05	; 5
      0001A8 04                     495 	.db #0x04	; 4
      0001A9 01                     496 	.db #0x01	; 1
      0001AA 02                     497 	.db #0x02	; 2
      0001AB 02                     498 	.db #0x02	; 2
      0001AC 02                     499 	.db #0x02	; 2
      0001AD 03                     500 	.db #0x03	; 3
      0001AE 00                     501 	.db #0x00	; 0
      0001AF 00                     502 	.db #0x00	; 0
      0001B0 00                     503 	.db #0x00	; 0
      0001B1 04                     504 	.db #0x04	; 4
      0001B2 00                     505 	.db #0x00	; 0
      0001B3 05                     506 	.db #0x05	; 5
      0001B4 00                     507 	.db #0x00	; 0
      0001B5 00                     508 	.db #0x00	; 0
      0001B6 01                     509 	.db #0x01	; 1
      0001B7 02                     510 	.db #0x02	; 2
      0001B8 02                     511 	.db #0x02	; 2
      0001B9 02                     512 	.db #0x02	; 2
      0001BA 03                     513 	.db #0x03	; 3
      0001BB 05                     514 	.db #0x05	; 5
      0001BC 04                     515 	.db #0x04	; 4
      0001BD 04                     516 	.db #0x04	; 4
      0001BE 00                     517 	.db #0x00	; 0
      0001BF 00                     518 	.db #0x00	; 0
      0001C0 00                     519 	.db #0x00	; 0
      0001C1 0B                     520 	.db #0x0b	; 11
      0001C2 02                     521 	.db #0x02	; 2
      0001C3 02                     522 	.db #0x02	; 2
      0001C4 02                     523 	.db #0x02	; 2
      0001C5 0C                     524 	.db #0x0c	; 12
      0001C6 00                     525 	.db #0x00	; 0
      0001C7 0B                     526 	.db #0x0b	; 11
      0001C8 02                     527 	.db #0x02	; 2
      0001C9 02                     528 	.db #0x02	; 2
      0001CA 0C                     529 	.db #0x0c	; 12
      0001CB 00                     530 	.db #0x00	; 0
      0001CC 00                     531 	.db #0x00	; 0
      0001CD 00                     532 	.db #0x00	; 0
      0001CE 05                     533 	.db #0x05	; 5
      0001CF 05                     534 	.db #0x05	; 5
      0001D0 04                     535 	.db #0x04	; 4
      0001D1 04                     536 	.db #0x04	; 4
      0001D2 00                     537 	.db #0x00	; 0
      0001D3 0D                     538 	.db #0x0d	; 13
      0001D4 00                     539 	.db #0x00	; 0
      0001D5 00                     540 	.db #0x00	; 0
      0001D6 00                     541 	.db #0x00	; 0
      0001D7 00                     542 	.db #0x00	; 0
      0001D8 00                     543 	.db #0x00	; 0
      0001D9 00                     544 	.db #0x00	; 0
      0001DA 00                     545 	.db #0x00	; 0
      0001DB 00                     546 	.db #0x00	; 0
      0001DC 00                     547 	.db #0x00	; 0
      0001DD 00                     548 	.db #0x00	; 0
      0001DE 00                     549 	.db #0x00	; 0
      0001DF 00                     550 	.db #0x00	; 0
      0001E0 0D                     551 	.db #0x0d	; 13
      0001E1 00                     552 	.db #0x00	; 0
      0001E2 05                     553 	.db #0x05	; 5
      0001E3 05                     554 	.db #0x05	; 5
      0001E4 04                     555 	.db #0x04	; 4
      0001E5 04                     556 	.db #0x04	; 4
      0001E6 00                     557 	.db #0x00	; 0
      0001E7 00                     558 	.db #0x00	; 0
      0001E8 00                     559 	.db #0x00	; 0
      0001E9 09                     560 	.db #0x09	; 9
      0001EA 07                     561 	.db #0x07	; 7
      0001EB 07                     562 	.db #0x07	; 7
      0001EC 0A                     563 	.db #0x0a	; 10
      0001ED 00                     564 	.db #0x00	; 0
      0001EE 09                     565 	.db #0x09	; 9
      0001EF 07                     566 	.db #0x07	; 7
      0001F0 07                     567 	.db #0x07	; 7
      0001F1 07                     568 	.db #0x07	; 7
      0001F2 0A                     569 	.db #0x0a	; 10
      0001F3 00                     570 	.db #0x00	; 0
      0001F4 00                     571 	.db #0x00	; 0
      0001F5 00                     572 	.db #0x00	; 0
      0001F6 05                     573 	.db #0x05	; 5
      0001F7 05                     574 	.db #0x05	; 5
      0001F8 04                     575 	.db #0x04	; 4
      0001F9 06                     576 	.db #0x06	; 6
      0001FA 07                     577 	.db #0x07	; 7
      0001FB 07                     578 	.db #0x07	; 7
      0001FC 07                     579 	.db #0x07	; 7
      0001FD 08                     580 	.db #0x08	; 8
      0001FE 00                     581 	.db #0x00	; 0
      0001FF 00                     582 	.db #0x00	; 0
      000200 04                     583 	.db #0x04	; 4
      000201 00                     584 	.db #0x00	; 0
      000202 05                     585 	.db #0x05	; 5
      000203 00                     586 	.db #0x00	; 0
      000204 00                     587 	.db #0x00	; 0
      000205 00                     588 	.db #0x00	; 0
      000206 06                     589 	.db #0x06	; 6
      000207 07                     590 	.db #0x07	; 7
      000208 07                     591 	.db #0x07	; 7
      000209 07                     592 	.db #0x07	; 7
      00020A 08                     593 	.db #0x08	; 8
      00020B 05                     594 	.db #0x05	; 5
      00020C 04                     595 	.db #0x04	; 4
      00020D 01                     596 	.db #0x01	; 1
      00020E 02                     597 	.db #0x02	; 2
      00020F 02                     598 	.db #0x02	; 2
      000210 02                     599 	.db #0x02	; 2
      000211 03                     600 	.db #0x03	; 3
      000212 00                     601 	.db #0x00	; 0
      000213 00                     602 	.db #0x00	; 0
      000214 04                     603 	.db #0x04	; 4
      000215 00                     604 	.db #0x00	; 0
      000216 05                     605 	.db #0x05	; 5
      000217 00                     606 	.db #0x00	; 0
      000218 00                     607 	.db #0x00	; 0
      000219 00                     608 	.db #0x00	; 0
      00021A 01                     609 	.db #0x01	; 1
      00021B 02                     610 	.db #0x02	; 2
      00021C 02                     611 	.db #0x02	; 2
      00021D 02                     612 	.db #0x02	; 2
      00021E 03                     613 	.db #0x03	; 3
      00021F 05                     614 	.db #0x05	; 5
      000220 04                     615 	.db #0x04	; 4
      000221 04                     616 	.db #0x04	; 4
      000222 00                     617 	.db #0x00	; 0
      000223 00                     618 	.db #0x00	; 0
      000224 00                     619 	.db #0x00	; 0
      000225 0B                     620 	.db #0x0b	; 11
      000226 02                     621 	.db #0x02	; 2
      000227 02                     622 	.db #0x02	; 2
      000228 0C                     623 	.db #0x0c	; 12
      000229 00                     624 	.db #0x00	; 0
      00022A 0B                     625 	.db #0x0b	; 11
      00022B 02                     626 	.db #0x02	; 2
      00022C 02                     627 	.db #0x02	; 2
      00022D 02                     628 	.db #0x02	; 2
      00022E 0C                     629 	.db #0x0c	; 12
      00022F 00                     630 	.db #0x00	; 0
      000230 00                     631 	.db #0x00	; 0
      000231 00                     632 	.db #0x00	; 0
      000232 05                     633 	.db #0x05	; 5
      000233 05                     634 	.db #0x05	; 5
      000234 04                     635 	.db #0x04	; 4
      000235 04                     636 	.db #0x04	; 4
      000236 00                     637 	.db #0x00	; 0
      000237 00                     638 	.db #0x00	; 0
      000238 00                     639 	.db #0x00	; 0
      000239 00                     640 	.db #0x00	; 0
      00023A 00                     641 	.db #0x00	; 0
      00023B 00                     642 	.db #0x00	; 0
      00023C 00                     643 	.db #0x00	; 0
      00023D 00                     644 	.db #0x00	; 0
      00023E 00                     645 	.db #0x00	; 0
      00023F 00                     646 	.db #0x00	; 0
      000240 00                     647 	.db #0x00	; 0
      000241 00                     648 	.db #0x00	; 0
      000242 00                     649 	.db #0x00	; 0
      000243 00                     650 	.db #0x00	; 0
      000244 00                     651 	.db #0x00	; 0
      000245 00                     652 	.db #0x00	; 0
      000246 05                     653 	.db #0x05	; 5
      000247 05                     654 	.db #0x05	; 5
      000248 04                     655 	.db #0x04	; 4
      000249 04                     656 	.db #0x04	; 4
      00024A 00                     657 	.db #0x00	; 0
      00024B 00                     658 	.db #0x00	; 0
      00024C 00                     659 	.db #0x00	; 0
      00024D 09                     660 	.db #0x09	; 9
      00024E 07                     661 	.db #0x07	; 7
      00024F 07                     662 	.db #0x07	; 7
      000250 07                     663 	.db #0x07	; 7
      000251 07                     664 	.db #0x07	; 7
      000252 07                     665 	.db #0x07	; 7
      000253 07                     666 	.db #0x07	; 7
      000254 07                     667 	.db #0x07	; 7
      000255 07                     668 	.db #0x07	; 7
      000256 0A                     669 	.db #0x0a	; 10
      000257 00                     670 	.db #0x00	; 0
      000258 00                     671 	.db #0x00	; 0
      000259 00                     672 	.db #0x00	; 0
      00025A 05                     673 	.db #0x05	; 5
      00025B 05                     674 	.db #0x05	; 5
      00025C 04                     675 	.db #0x04	; 4
      00025D 06                     676 	.db #0x06	; 6
      00025E 07                     677 	.db #0x07	; 7
      00025F 07                     678 	.db #0x07	; 7
      000260 07                     679 	.db #0x07	; 7
      000261 08                     680 	.db #0x08	; 8
      000262 00                     681 	.db #0x00	; 0
      000263 00                     682 	.db #0x00	; 0
      000264 00                     683 	.db #0x00	; 0
      000265 00                     684 	.db #0x00	; 0
      000266 00                     685 	.db #0x00	; 0
      000267 00                     686 	.db #0x00	; 0
      000268 00                     687 	.db #0x00	; 0
      000269 00                     688 	.db #0x00	; 0
      00026A 06                     689 	.db #0x06	; 6
      00026B 07                     690 	.db #0x07	; 7
      00026C 07                     691 	.db #0x07	; 7
      00026D 07                     692 	.db #0x07	; 7
      00026E 08                     693 	.db #0x08	; 8
      00026F 05                     694 	.db #0x05	; 5
      000270 06                     695 	.db #0x06	; 6
      000271 07                     696 	.db #0x07	; 7
      000272 07                     697 	.db #0x07	; 7
      000273 07                     698 	.db #0x07	; 7
      000274 07                     699 	.db #0x07	; 7
      000275 07                     700 	.db #0x07	; 7
      000276 07                     701 	.db #0x07	; 7
      000277 07                     702 	.db #0x07	; 7
      000278 07                     703 	.db #0x07	; 7
      000279 07                     704 	.db #0x07	; 7
      00027A 07                     705 	.db #0x07	; 7
      00027B 07                     706 	.db #0x07	; 7
      00027C 07                     707 	.db #0x07	; 7
      00027D 07                     708 	.db #0x07	; 7
      00027E 07                     709 	.db #0x07	; 7
      00027F 07                     710 	.db #0x07	; 7
      000280 07                     711 	.db #0x07	; 7
      000281 07                     712 	.db #0x07	; 7
      000282 07                     713 	.db #0x07	; 7
      000283 08                     714 	.db #0x08	; 8
                                    715 ;main.c:20: void getPlayerInput(void){
                                    716 ;	---------------------------------
                                    717 ; Function getPlayerInput
                                    718 ; ---------------------------------
      000284                        719 _getPlayerInput::
                                    720 ;main.c:21: input = joypad();
      000284 CDr00r00         [24]  721 	call	_joypad
      000287 21r02r00         [12]  722 	ld	hl, #_input
                                    723 ;main.c:23: if(input & J_LEFT){
      00028A 77               [ 8]  724 	ld	(hl), a
      00028B CB 4F            [ 8]  725 	bit	1, a
      00028D 28 09            [12]  726 	jr	Z, 00110$
                                    727 ;main.c:24: playerLocation[0] -= 8;
      00028F 01r00r00         [12]  728 	ld	bc, #_playerLocation+0
      000292 0A               [ 8]  729 	ld	a, (bc)
      000293 C6 F8            [ 8]  730 	add	a, #0xf8
      000295 02               [ 8]  731 	ld	(bc), a
      000296 18 25            [12]  732 	jr	00111$
      000298                        733 00110$:
                                    734 ;main.c:26: else if(input & J_UP){
      000298 CB 57            [ 8]  735 	bit	2, a
      00029A 28 09            [12]  736 	jr	Z, 00107$
                                    737 ;main.c:27: playerLocation[1] -= 8;
      00029C 01r01r00         [12]  738 	ld	bc, #_playerLocation+1
      00029F 0A               [ 8]  739 	ld	a, (bc)
      0002A0 C6 F8            [ 8]  740 	add	a, #0xf8
      0002A2 02               [ 8]  741 	ld	(bc), a
      0002A3 18 18            [12]  742 	jr	00111$
      0002A5                        743 00107$:
                                    744 ;main.c:29: else if(input & J_RIGHT){
      0002A5 CB 47            [ 8]  745 	bit	0, a
      0002A7 28 09            [12]  746 	jr	Z, 00104$
                                    747 ;main.c:30: playerLocation[0] += 8;
      0002A9 01r00r00         [12]  748 	ld	bc, #_playerLocation+0
      0002AC 0A               [ 8]  749 	ld	a, (bc)
      0002AD C6 08            [ 8]  750 	add	a, #0x08
      0002AF 02               [ 8]  751 	ld	(bc), a
      0002B0 18 0B            [12]  752 	jr	00111$
      0002B2                        753 00104$:
                                    754 ;main.c:32: else if(input & J_DOWN){
      0002B2 CB 5F            [ 8]  755 	bit	3, a
      0002B4 28 07            [12]  756 	jr	Z, 00111$
                                    757 ;main.c:33: playerLocation[1] += 8;
      0002B6 01r01r00         [12]  758 	ld	bc, #_playerLocation+1
      0002B9 0A               [ 8]  759 	ld	a, (bc)
      0002BA C6 08            [ 8]  760 	add	a, #0x08
      0002BC 02               [ 8]  761 	ld	(bc), a
      0002BD                        762 00111$:
                                    763 ;main.c:36: performantDelay(3);
      0002BD 3E 03            [ 8]  764 	ld	a, #0x03
                                    765 ;main.c:37: }
      0002BF C3r00r00         [16]  766 	jp	_performantDelay
                                    767 ;main.c:39: void main(void){
                                    768 ;	---------------------------------
                                    769 ; Function main
                                    770 ; ---------------------------------
      0002C2                        771 _main::
                                    772 ;main.c:41: set_bkg_data(0, 16, BGSheet);
      0002C2 11r0Cr00         [12]  773 	ld	de, #_BGSheet
      0002C5 D5               [16]  774 	push	de
      0002C6 21 00 10         [12]  775 	ld	hl, #0x1000
      0002C9 E5               [16]  776 	push	hl
      0002CA CDr00r00         [24]  777 	call	_set_bkg_data
      0002CD E8 04            [16]  778 	add	sp, #4
                                    779 ;main.c:42: set_bkg_tiles(0, 0, 20, 18, HubMap);
      0002CF 11r1Cr01         [12]  780 	ld	de, #_HubMap
      0002D2 D5               [16]  781 	push	de
      0002D3 21 14 12         [12]  782 	ld	hl, #0x1214
      0002D6 E5               [16]  783 	push	hl
      0002D7 AF               [ 4]  784 	xor	a, a
      0002D8 0F               [ 4]  785 	rrca
      0002D9 F5               [16]  786 	push	af
      0002DA CDr00r00         [24]  787 	call	_set_bkg_tiles
      0002DD E8 06            [16]  788 	add	sp, #6
                                    789 ;main.c:44: set_sprite_data(0, 3, SpriteSheet);
      0002DF 11rDCr00         [12]  790 	ld	de, #_SpriteSheet
      0002E2 D5               [16]  791 	push	de
      0002E3 21 00 03         [12]  792 	ld	hl, #0x300
      0002E6 E5               [16]  793 	push	hl
      0002E7 CDr00r00         [24]  794 	call	_set_sprite_data
      0002EA E8 04            [16]  795 	add	sp, #4
                                    796 ;c:\users\alive\desktop\gbdk\include\gb\gb.h:1804: shadow_OAM[nb].tile=tile;
      0002EC 21r02r00         [12]  797 	ld	hl, #(_shadow_OAM + 2)
      0002EF 36 01            [12]  798 	ld	(hl), #0x01
                                    799 ;main.c:48: playerLocation[0] = 80;
      0002F1 21r00r00         [12]  800 	ld	hl, #_playerLocation
      0002F4 36 50            [12]  801 	ld	(hl), #0x50
                                    802 ;main.c:49: playerLocation[1] = 80;
      0002F6 21r01r00         [12]  803 	ld	hl, #(_playerLocation + 1)
      0002F9 36 50            [12]  804 	ld	(hl), #0x50
                                    805 ;main.c:54: SHOW_BKG;
      0002FB F0r00            [12]  806 	ldh	a, (_LCDC_REG + 0)
      0002FD F6 01            [ 8]  807 	or	a, #0x01
      0002FF E0r00            [12]  808 	ldh	(_LCDC_REG + 0), a
                                    809 ;main.c:55: SHOW_SPRITES;
      000301 F0r00            [12]  810 	ldh	a, (_LCDC_REG + 0)
      000303 F6 02            [ 8]  811 	or	a, #0x02
      000305 E0r00            [12]  812 	ldh	(_LCDC_REG + 0), a
                                    813 ;main.c:56: DISPLAY_ON;
      000307 F0r00            [12]  814 	ldh	a, (_LCDC_REG + 0)
      000309 F6 80            [ 8]  815 	or	a, #0x80
      00030B E0r00            [12]  816 	ldh	(_LCDC_REG + 0), a
                                    817 ;main.c:58: while(loopRunning){
      00030D                        818 00101$:
      00030D 21r00r00         [12]  819 	ld	hl, #_loopRunning
      000310 CB 46            [12]  820 	bit	0, (hl)
      000312 C8               [20]  821 	ret	Z
                                    822 ;main.c:59: getPlayerInput();
      000313 CDr84r02         [24]  823 	call	_getPlayerInput
                                    824 ;main.c:61: }
      000316 18 F5            [12]  825 	jr	00101$
                                    826 	.area _CODE
                                    827 	.area _INITIALIZER
      000000                        828 __xinit__loopRunning:
      000000 01                     829 	.db #0x01	;  1
                                    830 	.area _CABS (ABS)
